// Jest Snapshot v1, https://goo.gl/fbAQLP

exports[`Parallax renders correctly 1`] = `
<div
  className="sc-bdfBwQ cnTKxZ"
>
  <h1
    className="sc-gsTCUz iyjhuT"
  >
    
  </h1>
</div>
`;
